<html>
<body>
<pre>
<h1>µVision Build Log</h1>
<h2>Tool Versions:</h2>
IDE-Version: ¦ÌVision V5.30.0.0
Copyright (C) 2020 ARM Ltd and ARM Germany GmbH. All rights reserved.
License Information: fentou Huerfano5@outlook.com, 123, LIC=----
 
Tool Versions:
Toolchain:       MDK-Lite  Version: 5.30.0.0
Toolchain Path:  F:\IotSoftware\Keil_v5\ARM\ARMCC\Bin
C Compiler:      Armcc.exe V5.06 update 6 (build 750)
Assembler:       Armasm.exe V5.06 update 6 (build 750)
Linker/Locator:  ArmLink.exe V5.06 update 6 (build 750)
Library Manager: ArmAr.exe V5.06 update 6 (build 750)
Hex Converter:   FromElf.exe V5.06 update 6 (build 750)
CPU DLL:         SARMCM3.DLL V5.30.0.0
Dialog DLL:      DCM.DLL V1.17.3.0
Target DLL:      STLink\ST-LINKIII-KEIL_SWO.dll V3.0.7.0
Dialog DLL:      TCM.DLL V1.42.0.0
 
<h2>Project:</h2>
F:\IotSoftware\iot_RFID_keshe\stm32_rc522_v1\stm32_rc522_v1\USER\Template.uvprojx
Project File Date:  06/28/2022

<h2>Output:</h2>
*** Using Compiler 'V5.06 update 6 (build 750)', folder: 'F:\IotSoftware\Keil_v5\ARM\ARMCC\Bin'
Rebuild target 'Template'
assembling startup_stm32f10x_hd.s...
compiling stm32f10x_it.c...
compiling delay.c...
compiling stm32f10x_bkp.c...
compiling misc.c...
compiling stm32f10x_cec.c...
compiling main.c...
..\HARDWARE\UART1\uart1.h(16): warning:  #1295-D: Deprecated declaration Uart1_Rx_Clean - give arg types
  void Uart1_Rx_Clean();
..\HARDWARE\CARDID\cardid.h(195): warning:  #1295-D: Deprecated declaration CardId_Init - give arg types
  void CardId_Init();
main.c: 2 warnings, 0 errors
compiling system_stm32f10x.c...
compiling stm32f10x_adc.c...
compiling stm32f10x_can.c...
compiling sys.c...
compiling core_cm3.c...
compiling stm32f10x_crc.c...
compiling stm32f10x_dbgmcu.c...
compiling stm32f10x_dac.c...
compiling stm32f10x_iwdg.c...
compiling stm32f10x_exti.c...
compiling stm32f10x_pwr.c...
compiling stm32f10x_dma.c...
compiling stm32f10x_gpio.c...
compiling stm32f10x_fsmc.c...
compiling stm32f10x_flash.c...
compiling stm32f10x_i2c.c...
compiling stm32f10x_rcc.c...
compiling stm32f10x_rtc.c...
compiling stm32f10x_sdio.c...
compiling stm32f10x_spi.c...
compiling uart1.c...
..\HARDWARE\UART1\uart1.h(16): warning:  #1295-D: Deprecated declaration Uart1_Rx_Clean - give arg types
  void Uart1_Rx_Clean();
..\HARDWARE\UART1\uart1.c: 1 warning, 0 errors
compiling stm32f10x_usart.c...
compiling stm32f10x_wwdg.c...
compiling cardid.c...
..\HARDWARE\CARDID\cardid.h(195): warning:  #1295-D: Deprecated declaration CardId_Init - give arg types
  void CardId_Init();
..\HARDWARE\UART1\uart1.h(16): warning:  #1295-D: Deprecated declaration Uart1_Rx_Clean - give arg types
  void Uart1_Rx_Clean();
..\HARDWARE\CARDID\cardid.c: 2 warnings, 0 errors
compiling stm32f10x_tim.c...
linking...
Program Size: Code=5416 RO-data=336 RW-data=68 ZI-data=1380  
FromELF: creating hex file...
"..\OBJ\Template.axf" - 0 Error(s), 5 Warning(s).

<h2>Software Packages used:</h2>

Package Vendor: Keil
                http://www.keil.com/pack/Keil.STM32F1xx_DFP.2.4.0.pack
                Keil.STM32F1xx_DFP.2.4.0
                STMicroelectronics STM32F1 Series Device Support, Drivers and Examples

<h2>Collection of Component include folders:</h2>
  .\RTE\_Template
  F:\IotSoftware\Keil_v5\Keil\STM32F1xx_DFP\2.4.0\Device\Include

<h2>Collection of Component Files used:</h2>
Build Time Elapsed:  00:00:04
</pre>
</body>
</html>
